// Vitest Snapshot v1, https://vitest.dev/guide/snapshot.html

exports[`AppPageTitle > should render the AppPageTitle > expected html 1`] = `
<div>
  <div
    class="my-8 max-w-prose after:mt-2 after:block after:h-1.5 after:w-18 after:bg-[#a62a1e] after:content-['']"
  >
    <h2
      class="font-lato mb-2 font-semibold"
    >
      header.applicationTitle
    </h2>
    <h1
      class="font-lato text-3xl font-bold focus-visible:ring-3"
      id="wb-cont"
      property="name"
      tabindex="-1"
    >
      My Page Title
    </h1>
  </div>
</div>
`;
