// Vitest Snapshot v1, https://vitest.dev/guide/snapshot.html

exports[`BrowserCompatibilityBanner > should render the BrowserCompatibilityBanner > expected html 1`] = `
<div>
  <div
    class="bg-red-50 shadow-md"
    id="browser-compatibility-banner"
    role="alert"
  >
    <div
      class="container"
    >
      <div
        class="flex items-stretch"
      >
        <div
          class="hidden items-center bg-red-200 p-4 sm:flex"
        >
          <svg
            aria-hidden="true"
            class="svg-inline--fa fa-circle-exclamation size-6 shrink-0 text-red-700"
            data-icon="circle-exclamation"
            data-prefix="fas"
            role="img"
            viewBox="0 0 512 512"
          >
            <path
              d="M256 512a256 256 0 1 1 0-512 256 256 0 1 1 0 512zm0-192a32 32 0 1 0 0 64 32 32 0 1 0 0-64zm0-192c-18.2 0-32.7 15.5-31.4 33.7l7.4 104c.9 12.6 11.4 22.3 23.9 22.3 12.6 0 23-9.7 23.9-22.3l7.4-104c1.3-18.2-13.1-33.7-31.4-33.7z"
              fill="currentColor"
            />
          </svg>
        </div>
        <div
          class="grow space-y-2 py-4 pl-4"
        >
          <h2
            class="font-lato font-bold"
          >
            gcweb:browser-compatibility-banner.title
          </h2>
          <p>
            gcweb:browser-compatibility-banner.content
          </p>
          <p>
            gcweb:browser-compatibility-banner.contact
          </p>
          <div
            class="text-right"
          >
            <button
              class="font-lato rounded-sm border border-red-300 px-3 py-2 text-sm text-red-700 outline-offset-4 hover:border-red-400 hover:bg-red-100 focus:border-red-400 focus:bg-red-100"
              type="button"
            >
              gcweb:browser-compatibility-banner.dismiss
            </button>
          </div>
        </div>
      </div>
    </div>
  </div>
</div>
`;
